
     Program BANDS v.7.5 starts on 14Aug2026 at 20:59: 6 

     This program is part of the open-source Quantum ESPRESSO suite
     for quantum simulation of materials; please cite
         "P. Giannozzi et al., J. Phys.:Condens. Matter 21 395502 (2009);
         "P. Giannozzi et al., J. Phys.:Condens. Matter 29 465901 (2017);
         "P. Giannozzi et al., J. Chem. Phys. 152 154105 (2020);
          URL http://www.quantum-espresso.org", 
     in publications or presentations arising from this work. More details at
     http://www.quantum-espresso.org/quote

     Parallel version (MPI), running on     8 processors

     MPI processes distributed on     1 nodes
     R & G space division:  proc/nbgrp/npool/nimage =       8
     6790 MiB available memory on the printing compute node when the environment starts


     Reading xml data from directory:

     ./tmp/silicon.save/
     file Si.pbe-n-kjpaw_psl.1.0.0.UPF: wavefunction(s)  3S 3P renormalized

     IMPORTANT: XC functional enforced from input :
     Exchange-correlation= PBE
                           (   1   4   3   4   0   0   0)
     Any further DFT definition will be discarded
     Please, verify this is what you really want


     Parallelization info
     --------------------
     sticks:   dense  smooth     PW     G-vecs:    dense   smooth      PW
     Min         107     107     31                 2107     2107     334
     Max         108     108     32                 2110     2110     337
     Sum         859     859    253                16865    16865    2685

     Using Slab Decomposition

     Reading collected, re-writing distributed wavefunctions
     high-symmetry point:  0.0000 0.0000 0.0000   x coordinate   0.0000
     high-symmetry point: -1.0000 0.0000 0.0000   x coordinate   1.0000
     high-symmetry point: -0.5000 0.5000 0.5000   x coordinate   1.8660

     Plottable bands (eV) written to file bands.dat.gnu
     Bands written to file bands.dat

 **************************************************************************

                    xk=(   0.00000,   0.00000,   0.00000  )

     point group O_h (m-3m) 
     there are 10 classes
     the character table:

       E     8C3   3C2   6C4   6C2'  i     8S6   3s_h  6S4   6s_d 
A_1g   1.00  1.00  1.00  1.00  1.00  1.00  1.00  1.00  1.00  1.00
A_2g   1.00  1.00  1.00 -1.00 -1.00  1.00  1.00  1.00 -1.00 -1.00
E_g    2.00 -1.00  2.00  0.00  0.00  2.00 -1.00  2.00  0.00  0.00
T_1g   3.00  0.00 -1.00  1.00 -1.00  3.00  0.00 -1.00  1.00 -1.00
T_2g   3.00  0.00 -1.00 -1.00  1.00  3.00  0.00 -1.00 -1.00  1.00
A_1u   1.00  1.00  1.00  1.00  1.00 -1.00 -1.00 -1.00 -1.00 -1.00
A_2u   1.00  1.00  1.00 -1.00 -1.00 -1.00 -1.00 -1.00  1.00  1.00
E_u    2.00 -1.00  2.00  0.00  0.00 -2.00  1.00 -2.00  0.00  0.00
T_1u   3.00  0.00 -1.00  1.00 -1.00 -3.00  0.00  1.00 -1.00  1.00
T_2u   3.00  0.00 -1.00 -1.00  1.00 -3.00  0.00  1.00  1.00 -1.00

     the symmetry operations in each class and the name of the first element:

     E        1
                                                                 
     8C3     17   19   20   18   24   21   22   23
                                                                 
     3C2      2    4    3
                                                                 
     6C4      7    8   15   16   12   11
                                                                 
     6C2'     5    6   14   13   10    9
                                                                 
     i       25
                                                                 
     8S6     41   43   44   42   48   45   46   47
                                                                 
     3s_h    26   28   27
                                                                 
     6S4     31   32   39   40   36   35
                                                                 
     6s_d    29   30   38   37   34   33
                                                                 

     Band symmetry, O_h (m-3m)  point group:

     e(  1 -  1) =     -5.83012  eV     1   --> A_1g G_1   G_1+
     e(  2 -  4) =      6.11868  eV     3   --> T_2g G_25' G_5+
     e(  5 -  7) =      8.72031  eV     3   --> T_1u G_15  G_4-
     e(  8 -  8) =      9.48041  eV     1   --> A_2u G_2'  G_2-

 **************************************************************************

 **************************************************************************

                    xk=(  -0.05000,   0.00000,   0.00000  )

     point group C_4v (4mm) 
     there are  5 classes
     the character table:

       E     2C4   C2    2s_v  2s_d 
A_1    1.00  1.00  1.00  1.00  1.00
A_2    1.00  1.00  1.00 -1.00 -1.00
B_1    1.00 -1.00  1.00  1.00 -1.00
B_2    1.00 -1.00  1.00 -1.00  1.00
E      2.00  0.00 -2.00  0.00  0.00

     the symmetry operations in each class and the name of the first element:

     E        1
                                                                 
     2C4      3    4
                                                                 
     C2       2
                                                                 
     2s_v     5    6
                                                                 
     2s_d     7    8
                                                                 

     Band symmetry, C_4v (4mm)  point group:

     e(  1 -  1) =     -5.81919  eV     1   --> A_1  G_1 D_1   
     e(  2 -  2) =      6.04419  eV     1   --> B_2  G_4 D_2'  
     e(  3 -  4) =      6.07259  eV     2   --> E    G_5 D_5   
     e(  5 -  5) =      8.69314  eV     1   --> A_1  G_1 D_1   
     e(  6 -  7) =      8.77986  eV     2   --> E    G_5 D_5   
     e(  8 -  8) =      9.55329  eV     1   --> B_2  G_4 D_2'  

 **************************************************************************

 **************************************************************************

                    xk=(  -0.10000,   0.00000,   0.00000  )

     Band symmetry, C_4v (4mm)  point group:

     e(  1 -  1) =     -5.78640  eV     1   --> A_1  G_1 D_1   
     e(  2 -  2) =      5.83848  eV     1   --> B_2  G_4 D_2'  
     e(  3 -  4) =      5.94587  eV     2   --> E    G_5 D_5   
     e(  5 -  5) =      8.61484  eV     1   --> A_1  G_1 D_1   
     e(  6 -  7) =      8.94692  eV     2   --> E    G_5 D_5   
     e(  8 -  8) =      9.75100  eV     1   --> B_2  G_4 D_2'  

 **************************************************************************

 **************************************************************************

                    xk=(  -0.15000,   0.00000,   0.00000  )

     Band symmetry, C_4v (4mm)  point group:

     e(  1 -  1) =     -5.73181  eV     1   --> A_1  G_1 D_1   
     e(  2 -  2) =      5.53899  eV     1   --> B_2  G_4 D_2'  
     e(  3 -  4) =      5.76358  eV     2   --> E    G_5 D_5   
     e(  5 -  5) =      8.49389  eV     1   --> A_1  G_1 D_1   
     e(  6 -  7) =      9.19619  eV     2   --> E    G_5 D_5   
     e(  8 -  8) =     10.02430  eV     1   --> B_2  G_4 D_2'  

 **************************************************************************

 **************************************************************************

                    xk=(  -0.20000,   0.00000,   0.00000  )

     Band symmetry, C_4v (4mm)  point group:

     e(  1 -  1) =     -5.65549  eV     1   --> A_1  G_1 D_1   
     e(  2 -  2) =      5.17984  eV     1   --> B_2  G_4 D_2'  
     e(  3 -  4) =      5.54972  eV     2   --> E    G_5 D_5   
     e(  5 -  5) =      8.34141  eV     1   --> A_1  G_1 D_1   
     e(  6 -  7) =      9.50339  eV     2   --> E    G_5 D_5   
     e(  8 -  8) =     10.31038  eV     1   --> B_2  G_4 D_2'  

 **************************************************************************

 **************************************************************************

                    xk=(  -0.25000,   0.00000,   0.00000  )

     Band symmetry, C_4v (4mm)  point group:

     e(  1 -  1) =     -5.55754  eV     1   --> A_1  G_1 D_1   
     e(  2 -  2) =      4.78426  eV     1   --> B_2  G_4 D_2'  
     e(  3 -  4) =      5.32152  eV     2   --> E    G_5 D_5   
     e(  5 -  5) =      8.16864  eV     1   --> A_1  G_1 D_1   
     e(  6 -  7) =      9.85088  eV     2   --> E    G_5 D_5   
     e(  8 -  8) =     10.52267  eV     1   --> B_2  G_4 D_2'  

 **************************************************************************

 **************************************************************************

                    xk=(  -0.30000,   0.00000,   0.00000  )

     Band symmetry, C_4v (4mm)  point group:

     e(  1 -  1) =     -5.43811  eV     1   --> A_1  G_1 D_1   
     e(  2 -  2) =      4.36643  eV     1   --> B_2  G_4 D_2'  
     e(  3 -  4) =      5.09018  eV     2   --> E    G_5 D_5   
     e(  5 -  5) =      7.98551  eV     1   --> A_1  G_1 D_1   
     e(  6 -  7) =     10.22699  eV     2   --> E    G_5 D_5   
     e(  8 -  8) =     10.55173  eV     1   --> B_2  G_4 D_2'  

 **************************************************************************

 **************************************************************************

                    xk=(  -0.35000,   0.00000,   0.00000  )

     Band symmetry, C_4v (4mm)  point group:

     e(  1 -  1) =     -5.29737  eV     1   --> A_1  G_1 D_1   
     e(  2 -  2) =      3.93489  eV     1   --> B_2  G_4 D_2'  
     e(  3 -  4) =      4.86284  eV     2   --> E    G_5 D_5   
     e(  5 -  5) =      7.80012  eV     1   --> A_1  G_1 D_1   
     e(  6 -  6) =     10.36543  eV     1   --> B_2  G_4 D_2'  
     e(  7 -  8) =     10.62412  eV     2   --> E    G_5 D_5   

 **************************************************************************

 **************************************************************************

                    xk=(  -0.40000,   0.00000,   0.00000  )

     Band symmetry, C_4v (4mm)  point group:

     e(  1 -  1) =     -5.13553  eV     1   --> A_1  G_1 D_1   
     e(  2 -  2) =      3.49485  eV     1   --> B_2  G_4 D_2'  
     e(  3 -  4) =      4.64414  eV     2   --> E    G_5 D_5   
     e(  5 -  5) =      7.61889  eV     1   --> A_1  G_1 D_1   
     e(  6 -  6) =     10.04684  eV     1   --> B_2  G_4 D_2'  
     e(  7 -  8) =     11.03716  eV     2   --> E    G_5 D_5   

 **************************************************************************

 **************************************************************************

                    xk=(  -0.45000,   0.00000,   0.00000  )

     Band symmetry, C_4v (4mm)  point group:

     e(  1 -  1) =     -4.95285  eV     1   --> A_1  G_1 D_1   
     e(  2 -  2) =      3.04966  eV     1   --> B_2  G_4 D_2'  
     e(  3 -  4) =      4.43719  eV     2   --> E    G_5 D_5   
     e(  5 -  5) =      7.44678  eV     1   --> A_1  G_1 D_1   
     e(  6 -  6) =      9.67669  eV     1   --> B_2  G_4 D_2'  
     e(  7 -  8) =     11.46261  eV     2   --> E    G_5 D_5   

 **************************************************************************

 **************************************************************************

                    xk=(  -0.50000,   0.00000,   0.00000  )

     Band symmetry, C_4v (4mm)  point group:

     e(  1 -  1) =     -4.74961  eV     1   --> A_1  G_1 D_1   
     e(  2 -  2) =      2.60166  eV     1   --> B_2  G_4 D_2'  
     e(  3 -  4) =      4.24416  eV     2   --> E    G_5 D_5   
     e(  5 -  5) =      7.28764  eV     1   --> A_1  G_1 D_1   
     e(  6 -  6) =      9.29703  eV     1   --> B_2  G_4 D_2'  
     e(  7 -  8) =     11.89803  eV     2   --> E    G_5 D_5   

 **************************************************************************

 **************************************************************************

                    xk=(  -0.55000,   0.00000,   0.00000  )

     Band symmetry, C_4v (4mm)  point group:

     e(  1 -  1) =     -4.52617  eV     1   --> A_1  G_1 D_1   
     e(  2 -  2) =      2.15263  eV     1   --> B_2  G_4 D_2'  
     e(  3 -  4) =      4.06660  eV     2   --> E    G_5 D_5   
     e(  5 -  5) =      7.14450  eV     1   --> A_1  G_1 D_1   
     e(  6 -  6) =      8.92801  eV     1   --> B_2  G_4 D_2'  
     e(  7 -  8) =     12.34167  eV     2   --> E    G_5 D_5   

 **************************************************************************

 **************************************************************************

                    xk=(  -0.60000,   0.00000,   0.00000  )

     Band symmetry, C_4v (4mm)  point group:

     e(  1 -  1) =     -4.28291  eV     1   --> A_1  G_1 D_1   
     e(  2 -  2) =      1.70412  eV     1   --> B_2  G_4 D_2'  
     e(  3 -  4) =      3.90563  eV     2   --> E    G_5 D_5   
     e(  5 -  5) =      7.01977  eV     1   --> A_1  G_1 D_1   
     e(  6 -  6) =      8.57987  eV     1   --> B_2  G_4 D_2'  
     e(  7 -  8) =     12.79236  eV     2   --> E    G_5 D_5   

 **************************************************************************

 **************************************************************************

                    xk=(  -0.65000,   0.00000,   0.00000  )

     Band symmetry, C_4v (4mm)  point group:

     e(  1 -  1) =     -4.02028  eV     1   --> A_1  G_1 D_1   
     e(  2 -  2) =      1.25759  eV     1   --> B_2  G_4 D_2'  
     e(  3 -  4) =      3.76211  eV     2   --> E    G_5 D_5   
     e(  5 -  5) =      6.91543  eV     1   --> A_1  G_1 D_1   
     e(  6 -  6) =      8.25815  eV     1   --> B_2  G_4 D_2'  
     e(  7 -  8) =     13.24925  eV     2   --> E    G_5 D_5   

 **************************************************************************

 **************************************************************************

                    xk=(  -0.70000,   0.00000,   0.00000  )

     Band symmetry, C_4v (4mm)  point group:

     e(  1 -  1) =     -3.73879  eV     1   --> A_1  G_1 D_1   
     e(  2 -  2) =      0.81447  eV     1   --> B_2  G_4 D_2'  
     e(  3 -  4) =      3.63669  eV     2   --> E    G_5 D_5   
     e(  5 -  5) =      6.83312  eV     1   --> A_1  G_1 D_1   
     e(  6 -  6) =      7.96588  eV     1   --> B_2  G_4 D_2'  
     e(  7 -  8) =     13.71169  eV     2   --> E    G_5 D_5   

 **************************************************************************

 **************************************************************************

                    xk=(  -0.75000,   0.00000,   0.00000  )

     Band symmetry, C_4v (4mm)  point group:

     e(  1 -  1) =     -3.43903  eV     1   --> A_1  G_1 D_1   
     e(  2 -  2) =      0.37621  eV     1   --> B_2  G_4 D_2'  
     e(  3 -  4) =      3.52986  eV     2   --> E    G_5 D_5   
     e(  5 -  5) =      6.77426  eV     1   --> A_1  G_1 D_1   
     e(  6 -  6) =      7.70464  eV     1   --> B_2  G_4 D_2'  
     e(  7 -  8) =     14.17896  eV     2   --> E    G_5 D_5   

 **************************************************************************

 **************************************************************************

                    xk=(  -0.80000,   0.00000,   0.00000  )

     Band symmetry, C_4v (4mm)  point group:

     e(  1 -  1) =     -3.12166  eV     1   --> A_1  G_1 D_1   
     e(  2 -  2) =     -0.05573  eV     1   --> B_2  G_4 D_2'  
     e(  3 -  4) =      3.44200  eV     2   --> E    G_5 D_5   
     e(  5 -  5) =      6.74009  eV     1   --> A_1  G_1 D_1   
     e(  6 -  6) =      7.47512  eV     1   --> B_2  G_4 D_2'  
     e(  7 -  8) =     14.64989  eV     2   --> E    G_5 D_5   

 **************************************************************************

 **************************************************************************

                    xk=(  -0.85000,   0.00000,   0.00000  )

     Band symmetry, C_4v (4mm)  point group:

     e(  1 -  1) =     -2.78740  eV     1   --> A_1  G_1 D_1   
     e(  2 -  2) =     -0.47991  eV     1   --> B_2  G_4 D_2'  
     e(  3 -  4) =      3.37339  eV     2   --> E    G_5 D_5   
     e(  5 -  5) =      6.73173  eV     1   --> A_1  G_1 D_1   
     e(  6 -  6) =      7.27744  eV     1   --> B_2  G_4 D_2'  
     e(  7 -  8) =     15.12172  eV     2   --> E    G_5 D_5   

 **************************************************************************

 **************************************************************************

                    xk=(  -0.90000,   0.00000,   0.00000  )

     Band symmetry, C_4v (4mm)  point group:

     e(  1 -  1) =     -2.43707  eV     1   --> A_1  G_1 D_1   
     e(  2 -  2) =     -0.89491  eV     1   --> B_2  G_4 D_2'  
     e(  3 -  4) =      3.32424  eV     2   --> E    G_5 D_5   
     e(  5 -  5) =      6.75023  eV     1   --> A_1  G_1 D_1   
     e(  6 -  6) =      7.11133  eV     1   --> B_2  G_4 D_2'  
     e(  7 -  8) =     15.58665  eV     2   --> E    G_5 D_5   

 **************************************************************************

 **************************************************************************

                    xk=(  -0.95000,   0.00000,   0.00000  )

     Band symmetry, C_4v (4mm)  point group:

     e(  1 -  1) =     -2.07161  eV     1   --> A_1  G_1 D_1   
     e(  2 -  2) =     -1.29937  eV     1   --> B_2  G_4 D_2'  
     e(  3 -  4) =      3.29470  eV     2   --> E    G_5 D_5   
     e(  5 -  5) =      6.79655  eV     1   --> A_1  G_1 D_1   
     e(  6 -  6) =      6.97629  eV     1   --> B_2  G_4 D_2'  
     e(  7 -  8) =     16.01458  eV     2   --> E    G_5 D_5   

 **************************************************************************

 **************************************************************************

                    xk=(  -1.00000,   0.00000,   0.00000  )

     zone border point and non-symmorphic group 
     symmetry decomposition not available

 **************************************************************************

 **************************************************************************

                    xk=(  -0.97500,   0.02500,   0.02500  )

     point group C_s (m)    
     there are  2 classes
     the character table:

       E     s    
A'     1.00  1.00
A''    1.00 -1.00

     the symmetry operations in each class and the name of the first element:

     E        1
                                                                 
     s        2
                                                                 

     Band symmetry, C_s (m)     point group:

     e(  1 -  1) =     -1.88141  eV     1   --> A'             
     e(  2 -  2) =     -1.49576  eV     1   --> A'             
     e(  3 -  3) =      3.25036  eV     1   --> A'             
     e(  4 -  4) =      3.29168  eV     1   --> A''            
     e(  5 -  5) =      6.85440  eV     1   --> A'             
     e(  6 -  6) =      6.95640  eV     1   --> A'             
     e(  7 -  7) =     16.11721  eV     1   --> A''            
     e(  8 -  8) =     16.14190  eV     1   --> A'             

 **************************************************************************

 **************************************************************************

                    xk=(  -0.95000,   0.05000,   0.05000  )

     Band symmetry, C_s (m)     point group:

     e(  1 -  1) =     -2.06229  eV     1   --> A'             
     e(  2 -  2) =     -1.29505  eV     1   --> A'             
     e(  3 -  3) =      3.15471  eV     1   --> A'             
     e(  4 -  4) =      3.31216  eV     1   --> A''            
     e(  5 -  5) =      6.87354  eV     1   --> A'             
     e(  6 -  6) =      7.13273  eV     1   --> A'             
     e(  7 -  7) =     15.79416  eV     1   --> A''            
     e(  8 -  8) =     15.86011  eV     1   --> A'             

 **************************************************************************

 **************************************************************************

                    xk=(  -0.92500,   0.07500,   0.07500  )

     Band symmetry, C_s (m)     point group:

     e(  1 -  1) =     -2.23346  eV     1   --> A'             
     e(  2 -  2) =     -1.09325  eV     1   --> A'             
     e(  3 -  3) =      3.01715  eV     1   --> A'             
     e(  4 -  4) =      3.34615  eV     1   --> A''            
     e(  5 -  5) =      6.91555  eV     1   --> A'             
     e(  6 -  6) =      7.39671  eV     1   --> A'             
     e(  7 -  7) =     15.36982  eV     1   --> A''            
     e(  8 -  8) =     15.46042  eV     1   --> A'             

 **************************************************************************

 **************************************************************************

                    xk=(  -0.90000,   0.10000,   0.10000  )

     Band symmetry, C_s (m)     point group:

     e(  1 -  1) =     -2.39407  eV     1   --> A'             
     e(  2 -  2) =     -0.89511  eV     1   --> A'             
     e(  3 -  3) =      2.86060  eV     1   --> A'             
     e(  4 -  4) =      3.39344  eV     1   --> A''            
     e(  5 -  5) =      6.97666  eV     1   --> A'             
     e(  6 -  6) =      7.73253  eV     1   --> A'             
     e(  7 -  7) =     14.90024  eV     1   --> A''            
     e(  8 -  8) =     14.99358  eV     1   --> A'             

 **************************************************************************

 **************************************************************************

                    xk=(  -0.87500,   0.12500,   0.12500  )

     Band symmetry, C_s (m)     point group:

     e(  1 -  1) =     -2.54358  eV     1   --> A'             
     e(  2 -  2) =     -0.70730  eV     1   --> A'             
     e(  3 -  3) =      2.70706  eV     1   --> A'             
     e(  4 -  4) =      3.45372  eV     1   --> A''            
     e(  5 -  5) =      7.05550  eV     1   --> A'             
     e(  6 -  6) =      8.12481  eV     1   --> A'             
     e(  7 -  7) =     14.41363  eV     1   --> A''            
     e(  8 -  8) =     14.49083  eV     1   --> A'             

 **************************************************************************

 **************************************************************************

                    xk=(  -0.85000,   0.15000,   0.15000  )

     Band symmetry, C_s (m)     point group:

     e(  1 -  1) =     -2.68161  eV     1   --> A'             
     e(  2 -  2) =     -0.53881  eV     1   --> A'             
     e(  3 -  3) =      2.57677  eV     1   --> A'             
     e(  4 -  4) =      3.52657  eV     1   --> A''            
     e(  5 -  5) =      7.15122  eV     1   --> A'             
     e(  6 -  6) =      8.56157  eV     1   --> A'             
     e(  7 -  7) =     13.92464  eV     1   --> A''            
     e(  8 -  8) =     13.97010  eV     1   --> A'             

 **************************************************************************

 **************************************************************************

                    xk=(  -0.82500,   0.17500,   0.17500  )

     Band symmetry, C_s (m)     point group:

     e(  1 -  1) =     -2.80799  eV     1   --> A'             
     e(  2 -  2) =     -0.40062  eV     1   --> A'             
     e(  3 -  3) =      2.48848  eV     1   --> A'             
     e(  4 -  4) =      3.61141  eV     1   --> A''            
     e(  5 -  5) =      7.26292  eV     1   --> A'             
     e(  6 -  6) =      9.03406  eV     1   --> A'             
     e(  7 -  7) =     13.44158  eV     1   --> A''            
     e(  8 -  8) =     13.44208  eV     1   --> A'             

 **************************************************************************

 **************************************************************************

                    xk=(  -0.80000,   0.20000,   0.20000  )

     Band symmetry, C_s (m)     point group:

     e(  1 -  1) =     -2.92267  eV     1   --> A'             
     e(  2 -  2) =     -0.30385  eV     1   --> A'             
     e(  3 -  3) =      2.45852  eV     1   --> A'             
     e(  4 -  4) =      3.70751  eV     1   --> A''            
     e(  5 -  5) =      7.38944  eV     1   --> A'             
     e(  6 -  6) =      9.53571  eV     1   --> A'             
     e(  7 -  7) =     12.91392  eV     1   --> A'             
     e(  8 -  8) =     12.96973  eV     1   --> A''            

 **************************************************************************

 **************************************************************************

                    xk=(  -0.77500,   0.22500,   0.22500  )

     Band symmetry, C_s (m)     point group:

     e(  1 -  1) =     -3.02574  eV     1   --> A'             
     e(  2 -  2) =     -0.25570  eV     1   --> A'             
     e(  3 -  3) =      2.49748  eV     1   --> A'             
     e(  4 -  4) =      3.81391  eV     1   --> A''            
     e(  5 -  5) =      7.52922  eV     1   --> A'             
     e(  6 -  6) =     10.06085  eV     1   --> A'             
     e(  7 -  7) =     12.39158  eV     1   --> A'             
     e(  8 -  8) =     12.51289  eV     1   --> A''            

 **************************************************************************

 **************************************************************************

                    xk=(  -0.75000,   0.25000,   0.25000  )

     Band symmetry, C_s (m)     point group:

     e(  1 -  1) =     -3.11740  eV     1   --> A'             
     e(  2 -  2) =     -0.25565  eV     1   --> A'             
     e(  3 -  3) =      2.60696  eV     1   --> A'             
     e(  4 -  4) =      3.92935  eV     1   --> A''            
     e(  5 -  5) =      7.67998  eV     1   --> A'             
     e(  6 -  6) =     10.60140  eV     1   --> A'             
     e(  7 -  7) =     11.88361  eV     1   --> A'             
     e(  8 -  8) =     12.07416  eV     1   --> A''            

 **************************************************************************

 **************************************************************************

                    xk=(  -0.72500,   0.27500,   0.27500  )

     Band symmetry, C_s (m)     point group:

     e(  1 -  1) =     -3.19795  eV     1   --> A'             
     e(  2 -  2) =     -0.29528  eV     1   --> A'             
     e(  3 -  3) =      2.77967  eV     1   --> A'             
     e(  4 -  4) =      4.05226  eV     1   --> A''            
     e(  5 -  5) =      7.83827  eV     1   --> A'             
     e(  6 -  6) =     11.09104  eV     1   --> A'             
     e(  7 -  7) =     11.45740  eV     1   --> A'             
     e(  8 -  8) =     11.65642  eV     1   --> A''            

 **************************************************************************

 **************************************************************************

                    xk=(  -0.70000,   0.30000,   0.30000  )

     Band symmetry, C_s (m)     point group:

     e(  1 -  1) =     -3.26778  eV     1   --> A'             
     e(  2 -  2) =     -0.36212  eV     1   --> A'             
     e(  3 -  3) =      3.00333  eV     1   --> A'             
     e(  4 -  4) =      4.18058  eV     1   --> A''            
     e(  5 -  5) =      7.99856  eV     1   --> A'             
     e(  6 -  6) =     10.84313  eV     1   --> A'             
     e(  7 -  7) =     11.26266  eV     1   --> A''            
     e(  8 -  8) =     11.80171  eV     1   --> A'             

 **************************************************************************

 **************************************************************************

                    xk=(  -0.67500,   0.32500,   0.32500  )

     Band symmetry, C_s (m)     point group:

     e(  1 -  1) =     -3.32738  eV     1   --> A'             
     e(  2 -  2) =     -0.44379  eV     1   --> A'             
     e(  3 -  3) =      3.26480  eV     1   --> A'             
     e(  4 -  4) =      4.31167  eV     1   --> A''            
     e(  5 -  5) =      8.15123  eV     1   --> A'             
     e(  6 -  6) =     10.40032  eV     1   --> A'             
     e(  7 -  7) =     10.89618  eV     1   --> A''            
     e(  8 -  8) =     12.37807  eV     1   --> A'             

 **************************************************************************

 **************************************************************************

                    xk=(  -0.65000,   0.35000,   0.35000  )

     Band symmetry, C_s (m)     point group:

     e(  1 -  1) =     -3.37729  eV     1   --> A'             
     e(  2 -  2) =     -0.53003  eV     1   --> A'             
     e(  3 -  3) =      3.55178  eV     1   --> A'             
     e(  4 -  4) =      4.44217  eV     1   --> A''            
     e(  5 -  5) =      8.27790  eV     1   --> A'             
     e(  6 -  6) =      9.99318  eV     1   --> A'             
     e(  7 -  7) =     10.56087  eV     1   --> A''            
     e(  8 -  8) =     12.96365  eV     1   --> A'             

 **************************************************************************

 **************************************************************************

                    xk=(  -0.62500,   0.37500,   0.37500  )

     Band symmetry, C_s (m)     point group:

     e(  1 -  1) =     -3.41810  eV     1   --> A'             
     e(  2 -  2) =     -0.61310  eV     1   --> A'             
     e(  3 -  3) =      3.85259  eV     1   --> A'             
     e(  4 -  4) =      4.56788  eV     1   --> A''            
     e(  5 -  5) =      8.34225  eV     1   --> A'             
     e(  6 -  6) =      9.66574  eV     1   --> A'             
     e(  7 -  7) =     10.26131  eV     1   --> A''            
     e(  8 -  8) =     13.52307  eV     1   --> A'             

 **************************************************************************

 **************************************************************************

                    xk=(  -0.60000,   0.40000,   0.40000  )

     Band symmetry, C_s (m)     point group:

     e(  1 -  1) =     -3.45041  eV     1   --> A'             
     e(  2 -  2) =     -0.68736  eV     1   --> A'             
     e(  3 -  3) =      4.15451  eV     1   --> A'             
     e(  4 -  4) =      4.68366  eV     1   --> A''            
     e(  5 -  5) =      8.29159  eV     1   --> A'             
     e(  6 -  6) =      9.47283  eV     1   --> A'             
     e(  7 -  7) =     10.00293  eV     1   --> A''            
     e(  8 -  8) =     13.95978  eV     1   --> A'             

 **************************************************************************

 **************************************************************************

                    xk=(  -0.57500,   0.42500,   0.42500  )

     Band symmetry, C_s (m)     point group:

     e(  1 -  1) =     -3.47482  eV     1   --> A'             
     e(  2 -  2) =     -0.74875  eV     1   --> A'             
     e(  3 -  3) =      4.44114  eV     1   --> A'             
     e(  4 -  4) =      4.78356  eV     1   --> A''            
     e(  5 -  5) =      8.12074  eV     1   --> A'             
     e(  6 -  6) =      9.42373  eV     1   --> A'             
     e(  7 -  7) =      9.79191  eV     1   --> A''            
     e(  8 -  8) =     14.09069  eV     1   --> A'             

 **************************************************************************

 **************************************************************************

                    xk=(  -0.55000,   0.45000,   0.45000  )

     Band symmetry, C_s (m)     point group:

     e(  1 -  1) =     -3.49183  eV     1   --> A'             
     e(  2 -  2) =     -0.79446  eV     1   --> A'             
     e(  3 -  3) =      4.68874  eV     1   --> A'             
     e(  4 -  4) =      4.86122  eV     1   --> A''            
     e(  5 -  5) =      7.90787  eV     1   --> A'             
     e(  6 -  6) =      9.45070  eV     1   --> A'             
     e(  7 -  7) =      9.63477  eV     1   --> A''            
     e(  8 -  8) =     14.01721  eV     1   --> A'             

 **************************************************************************

 **************************************************************************

                    xk=(  -0.52500,   0.47500,   0.47500  )

     Band symmetry, C_s (m)     point group:

     e(  1 -  1) =     -3.50187  eV     1   --> A'             
     e(  2 -  2) =     -0.82260  eV     1   --> A'             
     e(  3 -  3) =      4.86347  eV     1   --> A'             
     e(  4 -  4) =      4.91073  eV     1   --> A''            
     e(  5 -  5) =      7.73890  eV     1   --> A'             
     e(  6 -  6) =      9.48868  eV     1   --> A'             
     e(  7 -  7) =      9.53754  eV     1   --> A''            
     e(  8 -  8) =     13.93143  eV     1   --> A'             

 **************************************************************************

 **************************************************************************

                    xk=(  -0.50000,   0.50000,   0.50000  )

     zone border point and non-symmorphic group 
     symmetry decomposition not available

 **************************************************************************

     BANDS        :      0.82s CPU      0.90s WALL


   This run was terminated on:  20:59: 7  14Aug2026            

=------------------------------------------------------------------------------=
   JOB DONE.
=------------------------------------------------------------------------------=
